NtAcceptConnectPort 2
NtAccessCheck 0
NtAccessCheckAndAuditAlarm 41
NtAccessCheckByType 99
NtAccessCheckByTypeAndAuditAlarm 89
NtAccessCheckByTypeResultList 100
NtAccessCheckByTypeResultListAndAuditAlarm 101
NtAccessCheckByTypeResultListAndAuditAlarmByHandle 102
NtAcquireCrossVmMutant 103
NtAcquireProcessActivityReference 104
NtAddAtom 71
NtAddAtomEx 105
NtAddBootEntry 106
NtAddDriverEntry 107
NtAdjustGroupsToken 108
NtAdjustPrivilegesToken 65
NtAdjustTokenClaimsAndDeviceGroups 109
NtAlertResumeThread 110
NtAlertThread 111
NtAlertThreadByThreadId 112
NtAllocateLocallyUniqueId 113
NtAllocateReserveObject 114
NtAllocateUserPhysicalPages 115
NtAllocateUserPhysicalPagesEx 116
NtAllocateUuids 117
NtAllocateVirtualMemory 24
NtAllocateVirtualMemoryEx 118
NtAlpcAcceptConnectPort 119
NtAlpcCancelMessage 120
NtAlpcConnectPort 121
NtAlpcConnectPortEx 122
NtAlpcCreatePort 123
NtAlpcCreatePortSection 124
NtAlpcCreateResourceReserve 125
NtAlpcCreateSectionView 126
NtAlpcCreateSecurityContext 127
NtAlpcDeletePortSection 128
NtAlpcDeleteResourceReserve 129
NtAlpcDeleteSectionView 130
NtAlpcDeleteSecurityContext 131
NtAlpcDisconnectPort 132
NtAlpcImpersonateClientContainerOfPort 133
NtAlpcImpersonateClientOfPort 134
NtAlpcOpenSenderProcess 135
NtAlpcOpenSenderThread 136
NtAlpcQueryInformation 137
NtAlpcQueryInformationMessage 138
NtAlpcRevokeSecurityContext 139
NtAlpcSendWaitReceivePort 140
NtAlpcSetInformation 141
NtApphelpCacheControl 76
NtAreMappedFilesTheSame 142
NtAssignProcessToJobObject 143
NtAssociateWaitCompletionPacket 144
NtCallEnclave 145
NtCallbackReturn 5
NtCancelIoFile 93
NtCancelIoFileEx 146
NtCancelSynchronousIoFile 147
NtCancelTimer 97
NtCancelTimer2 148
NtCancelWaitCompletionPacket 149
NtClearEvent 62
NtClose 15
NtCloseObjectAuditAlarm 59
NtCommitComplete 150
NtCommitEnlistment 151
NtCommitRegistryTransaction 152
NtCommitTransaction 153
NtCompactKeys 154
NtCompareObjects 155
NtCompareSigningLevels 156
NtCompareTokens 157
NtCompleteConnectPort 158
NtCompressKey 159
NtConnectPort 160
NtContinue 67
NtContinueEx 161
NtConvertBetweenAuxiliaryCounterAndPerformanceCounter 162
NtCopyFileChunk 163
NtCreateCrossVmEvent 164
NtCreateCrossVmMutant 165
NtCreateDebugObject 166
NtCreateDirectoryObject 167
NtCreateDirectoryObjectEx 168
NtCreateEnclave 169
NtCreateEnlistment 170
NtCreateEvent 72
NtCreateEventPair 171
NtCreateFile 85
NtCreateIRTimer 172
NtCreateIoCompletion 173
NtCreateJobObject 174
NtCreateJobSet 175
NtCreateKey 29
NtCreateKeyTransacted 176
NtCreateKeyedEvent 177
NtCreateLowBoxToken 178
NtCreateMailslotFile 179
NtCreateMutant 180
NtCreateNamedPipeFile 181
NtCreatePagingFile 182
NtCreatePartition 183
NtCreatePort 184
NtCreatePrivateNamespace 185
NtCreateProcess 186
NtCreateProcessEx 77
NtCreateProfile 187
NtCreateProfileEx 188
NtCreateRegistryTransaction 189
NtCreateResourceManager 190
NtCreateSection 74
NtCreateSectionEx 191
NtCreateSemaphore 192
NtCreateSymbolicLinkObject 193
NtCreateThread 78
NtCreateThreadEx 194
NtCreateTimer 195
NtCreateTimer2 196
NtCreateToken 197
NtCreateTokenEx 198
NtCreateTransaction 199
NtCreateTransactionManager 200
NtCreateUserProcess 201
NtCreateWaitCompletionPacket 202
NtCreateWaitablePort 203
NtCreateWnfStateName 204
NtCreateWorkerFactory 205
NtDebugActiveProcess 206
NtDebugContinue 207
NtDelayExecution 52
NtDeleteAtom 208
NtDeleteBootEntry 209
NtDeleteDriverEntry 210
NtDeleteFile 211
NtDeleteKey 212
NtDeleteObjectAuditAlarm 213
NtDeletePrivateNamespace 214
NtDeleteValueKey 215
NtDeleteWnfStateData 216
NtDeleteWnfStateName 217
NtDeviceIoControlFile 7
NtDirectGraphicsCall 218
NtDisableLastKnownGood 219
NtDisplayString 220
NtDrawText 221
NtDuplicateObject 60
NtDuplicateToken 66
NtEnableLastKnownGood 222
NtEnumerateBootEntries 223
NtEnumerateDriverEntries 224
NtEnumerateKey 50
NtEnumerateSystemEnvironmentValuesEx 225
NtEnumerateTransactionObject 226
NtEnumerateValueKey 19
NtExtendSection 227
NtFilterBootOption 228
NtFilterToken 229
NtFilterTokenEx 230
NtFindAtom 20
NtFlushBuffersFile 75
NtFlushBuffersFileEx 231
NtFlushInstallUILanguage 232
NtFlushInstructionCache 233
NtFlushKey 234
NtFlushProcessWriteBuffers 235
NtFlushVirtualMemory 236
NtFlushWriteBuffer 237
NtFreeUserPhysicalPages 238
NtFreeVirtualMemory 30
NtFreezeRegistry 239
NtFreezeTransactions 240
NtFsControlFile 57
NtGetCachedSigningLevel 241
NtGetCompleteWnfStateSubscription 242
NtGetContextThread 243
NtGetCurrentProcessorNumber 244
NtGetCurrentProcessorNumberEx 245
NtGetDevicePowerState 246
NtGetMUIRegistryInfo 247
NtGetNextProcess 248
NtGetNextThread 249
NtGetNlsSectionPtr 250
NtGetNotificationResourceManager 251
NtGetWriteWatch 252
NtImpersonateAnonymousToken 253
NtImpersonateClientOfPort 31
NtImpersonateThread 254
NtInitializeEnclave 255
NtInitializeNlsFiles 0
NtInitializeRegistry 1
NtInitiatePowerAction 2
NtIsProcessInJob 79
NtIsSystemResumeAutomatic 3
NtIsUILanguageComitted 4
NtListenPort 5
NtLoadDriver 6
NtLoadEnclaveData 7
NtLoadKey 8
NtLoadKey2 9
NtLoadKey3 215
NtLoadKeyEx 10
NtLockFile 11
NtLockProductActivationKeys 12
NtLockRegistryKey 13
NtLockVirtualMemory 14
NtMakePermanentObject 15
NtMakeTemporaryObject 16
NtManageHotPatch 17
NtManagePartition 18
NtMapCMFModule 19
NtMapUserPhysicalPages 20
NtMapUserPhysicalPagesScatter 3
NtMapViewOfSection 40
NtMapViewOfSectionEx 21
NtModifyBootEntry 22
NtModifyDriverEntry 23
NtNotifyChangeDirectoryFile 24
NtNotifyChangeDirectoryFileEx 25
NtNotifyChangeKey 26
NtNotifyChangeMultipleKeys 27
NtNotifyChangeSession 28
NtOpenDirectoryObject 88
NtOpenEnlistment 29
NtOpenEvent 64
NtOpenEventPair 30
NtOpenFile 51
NtOpenIoCompletion 31
NtOpenJobObject 32
NtOpenKey 18
NtOpenKeyEx 33
NtOpenKeyTransacted 34
NtOpenKeyTransactedEx 35
NtOpenKeyedEvent 36
NtOpenMutant 37
NtOpenObjectAuditAlarm 38
NtOpenPartition 39
NtOpenPrivateNamespace 40
NtOpenProcess 38
NtOpenProcessToken 41
NtOpenProcessTokenEx 48
NtOpenRegistryTransaction 42
NtOpenResourceManager 43
NtOpenSection 55
NtOpenSemaphore 44
NtOpenSession 45
NtOpenSymbolicLinkObject 46
NtOpenThread 47
NtOpenThreadToken 36
NtOpenThreadTokenEx 47
NtOpenTimer 48
NtOpenTransaction 49
NtOpenTransactionManager 50
NtPlugPlayControl 51
NtPowerInformation 95
NtPrePrepareComplete 52
NtPrePrepareEnlistment 53
NtPrepareComplete 54
NtPrepareEnlistment 55
NtPrivilegeCheck 56
NtPrivilegeObjectAuditAlarm 57
NtPrivilegedServiceAuditAlarm 58
NtPropagationComplete 59
NtPropagationFailed 60
NtProtectVirtualMemory 80
NtPssCaptureVaSpaceBulk 61
NtPulseEvent 62
NtQueryAttributesFile 61
NtQueryAuxiliaryCounterFrequency 63
NtQueryBootEntryOrder 64
NtQueryBootOptions 65
NtQueryDebugFilterState 66
NtQueryDefaultLocale 21
NtQueryDefaultUILanguage 68
NtQueryDirectoryFile 53
NtQueryDirectoryFileEx 67
NtQueryDirectoryObject 68
NtQueryDriverEntryOrder 69
NtQueryEaFile 70
NtQueryEvent 86
NtQueryFullAttributesFile 71
NtQueryInformationAtom 72
NtQueryInformationByName 73
NtQueryInformationEnlistment 74
NtQueryInformationFile 17
NtQueryInformationJobObject 75
NtQueryInformationPort 76
NtQueryInformationProcess 25
NtQueryInformationResourceManager 77
NtQueryInformationThread 37
NtQueryInformationToken 33
NtQueryInformationTransaction 78
NtQueryInformationTransactionManager 79
NtQueryInformationWorkerFactory 80
NtQueryInstallUILanguage 81
NtQueryIntervalProfile 82
NtQueryIoCompletion 83
NtQueryKey 22
NtQueryLicenseValue 84
NtQueryMultipleValueKey 85
NtQueryMutant 86
NtQueryObject 16
NtQueryOpenSubKeys 87
NtQueryOpenSubKeysEx 88
NtQueryPerformanceCounter 49
NtQueryPortInformationProcess 89
NtQueryQuotaInformationFile 90
NtQuerySection 81
NtQuerySecurityAttributesToken 91
NtQuerySecurityObject 92
NtQuerySecurityPolicy 93
NtQuerySemaphore 94
NtQuerySymbolicLinkObject 95
NtQuerySystemEnvironmentValue 96
NtQuerySystemEnvironmentValueEx 97
NtQuerySystemInformation 54
NtQuerySystemInformationEx 98
NtQuerySystemTime 90
NtQueryTimer 56
NtQueryTimerResolution 99
NtQueryValueKey 23
NtQueryVirtualMemory 35
NtQueryVolumeInformationFile 73
NtQueryWnfStateData 100
NtQueryWnfStateNameInformation 101
NtQueueApcThread 69
NtQueueApcThreadEx 102
NtQueueApcThreadEx2 103
NtRaiseException 104
NtRaiseHardError 105
NtReadFile 6
NtReadFileScatter 46
NtReadOnlyEnlistment 106
NtReadRequestData 84
NtReadVirtualMemory 63
NtRecoverEnlistment 107
NtRecoverResourceManager 108
NtRecoverTransactionManager 109
NtRegisterProtocolAddressInformation 110
NtRegisterThreadTerminatePort 111
NtReleaseKeyedEvent 112
NtReleaseMutant 32
NtReleaseSemaphore 10
NtReleaseWorkerFactoryWorker 113
NtRemoveIoCompletion 9
NtRemoveIoCompletionEx 114
NtRemoveProcessDebug 115
NtRenameKey 116
NtRenameTransactionManager 117
NtReplaceKey 118
NtReplacePartitionUnit 119
NtReplyPort 12
NtReplyWaitReceivePort 11
NtReplyWaitReceivePortEx 43
NtReplyWaitReplyPort 120
NtRequestPort 121
NtRequestWaitReplyPort 34
NtResetEvent 122
NtResetWriteWatch 123
NtRestoreKey 124
NtResumeProcess 125
NtResumeThread 82
NtRevertContainerImpersonation 126
NtRollbackComplete 127
NtRollbackEnlistment 128
NtRollbackRegistryTransaction 129
NtRollbackTransaction 130
NtRollforwardTransactionManager 131
NtSaveKey 132
NtSaveKeyEx 133
NtSaveMergedKeys 134
NtSecureConnectPort 135
NtSerializeBoot 136
NtSetBootEntryOrder 137
NtSetBootOptions 138
NtSetCachedSigningLevel 139
NtSetCachedSigningLevel2 140
NtSetContextThread 141
NtSetDebugFilterState 142
NtSetDefaultHardErrorPort 143
NtSetDefaultLocale 144
NtSetDefaultUILanguage 145
NtSetDriverEntryOrder 146
NtSetEaFile 147
NtSetEvent 14
NtSetEventBoostPriority 45
NtSetHighEventPair 148
NtSetHighWaitLowEventPair 149
NtSetIRTimer 150
NtSetInformationDebugObject 151
NtSetInformationEnlistment 152
NtSetInformationFile 39
NtSetInformationJobObject 153
NtSetInformationKey 154
NtSetInformationObject 92
NtSetInformationProcess 28
NtSetInformationResourceManager 155
NtSetInformationSymbolicLink 156
NtSetInformationThread 13
NtSetInformationToken 157
NtSetInformationTransaction 158
NtSetInformationTransactionManager 159
NtSetInformationVirtualMemory 160
NtSetInformationWorkerFactory 161
NtSetIntervalProfile 162
NtSetIoCompletion 163
NtSetIoCompletionEx 164
NtSetLdtEntries 165
NtSetLowEventPair 166
NtSetLowWaitHighEventPair 167
NtSetQuotaInformationFile 168
NtSetSecurityObject 169
NtSetSystemEnvironmentValue 170
NtSetSystemEnvironmentValueEx 171
NtSetSystemInformation 172
NtSetSystemPowerState 173
NtSetSystemTime 174
NtSetThreadExecutionState 175
NtSetTimer 98
NtSetTimer2 176
NtSetTimerEx 177
NtSetTimerResolution 178
NtSetUuidSeed 179
NtSetValueKey 96
NtSetVolumeInformationFile 180
NtSetWnfProcessNotificationEvent 181
NtShutdownSystem 182
NtShutdownWorkerFactory 183
NtSignalAndWaitForSingleObject 184
NtSinglePhaseReject 185
NtStartProfile 186
NtStopProfile 187
NtSubscribeWnfStateChange 188
NtSuspendProcess 189
NtSuspendThread 190
NtSystemDebugControl 191
NtTerminateEnclave 192
NtTerminateJobObject 193
NtTerminateProcess 44
NtTerminateThread 83
NtTestAlert 194
NtThawRegistry 195
NtThawTransactions 196
NtTraceControl 197
NtTraceEvent 94
NtTranslateFilePath 198
NtUmsThreadYield 199
NtUnloadDriver 200
NtUnloadKey 201
NtUnloadKey2 202
NtUnloadKeyEx 203
NtUnlockFile 204
NtUnlockVirtualMemory 205
NtUnmapViewOfSection 42
NtUnmapViewOfSectionEx 206
NtUnsubscribeWnfStateChange 207
NtUpdateWnfStateData 208
NtVdmControl 209
NtWaitForAlertByThreadId 210
NtWaitForDebugEvent 211
NtWaitForKeyedEvent 212
NtWaitForMultipleObjects 91
NtWaitForMultipleObjects32 26
NtWaitForSingleObject 4
NtWaitForWorkViaWorkerFactory 213
NtWaitHighEventPair 214
NtWaitLowEventPair 216
NtWorkerFactoryWorkerReady 1
NtWow64AllocateVirtualMemory64 231
NtWow64CallFunction64 234
NtWow64CsrAllocateCaptureBuffer 220
NtWow64CsrAllocateMessagePointer 222
NtWow64CsrCaptureMessageBuffer 223
NtWow64CsrCaptureMessageString 224
NtWow64CsrClientCallServer 219
NtWow64CsrClientConnectToServer 217
NtWow64CsrFreeCaptureBuffer 221
NtWow64CsrGetProcessId 225
NtWow64CsrIdentifyAlertableThread 218
NtWow64CsrVerifyRegion 226
NtWow64DebuggerCall 227
NtWow64GetCurrentProcessorNumberEx 228
NtWow64GetNativeSystemInformation 229
NtWow64IsProcessorFeaturePresent 235
NtWow64QueryInformationProcess64 230
NtWow64ReadVirtualMemory64 232
NtWow64WriteVirtualMemory64 233
NtWriteFile 8
NtWriteFileGather 27
NtWriteRequestData 87
NtWriteVirtualMemory 58
NtYieldExecution 70