NtAcceptConnectPort 2
NtAccessCheck 0
NtAccessCheckAndAuditAlarm 41
NtAccessCheckByType 99
NtAccessCheckByTypeAndAuditAlarm 89
NtAccessCheckByTypeResultList 100
NtAccessCheckByTypeResultListAndAuditAlarm 101
NtAccessCheckByTypeResultListAndAuditAlarmByHandle 102
NtAcquireProcessActivityReference 103
NtAddAtom 71
NtAddAtomEx 104
NtAddBootEntry 105
NtAddDriverEntry 106
NtAdjustGroupsToken 107
NtAdjustPrivilegesToken 65
NtAdjustTokenClaimsAndDeviceGroups 108
NtAlertResumeThread 109
NtAlertThread 110
NtAlertThreadByThreadId 111
NtAllocateLocallyUniqueId 112
NtAllocateReserveObject 113
NtAllocateUserPhysicalPages 114
NtAllocateUuids 115
NtAllocateVirtualMemory 24
NtAllocateVirtualMemoryEx 116
NtAlpcAcceptConnectPort 117
NtAlpcCancelMessage 118
NtAlpcConnectPort 119
NtAlpcConnectPortEx 120
NtAlpcCreatePort 121
NtAlpcCreatePortSection 122
NtAlpcCreateResourceReserve 123
NtAlpcCreateSectionView 124
NtAlpcCreateSecurityContext 125
NtAlpcDeletePortSection 126
NtAlpcDeleteResourceReserve 127
NtAlpcDeleteSectionView 128
NtAlpcDeleteSecurityContext 129
NtAlpcDisconnectPort 130
NtAlpcImpersonateClientContainerOfPort 131
NtAlpcImpersonateClientOfPort 132
NtAlpcOpenSenderProcess 133
NtAlpcOpenSenderThread 134
NtAlpcQueryInformation 135
NtAlpcQueryInformationMessage 136
NtAlpcRevokeSecurityContext 137
NtAlpcSendWaitReceivePort 138
NtAlpcSetInformation 139
NtApphelpCacheControl 76
NtAreMappedFilesTheSame 140
NtAssignProcessToJobObject 141
NtAssociateWaitCompletionPacket 142
NtCallEnclave 143
NtCallbackReturn 5
NtCancelIoFile 93
NtCancelIoFileEx 144
NtCancelSynchronousIoFile 145
NtCancelTimer 97
NtCancelTimer2 146
NtCancelWaitCompletionPacket 147
NtClearEvent 62
NtClose 15
NtCloseObjectAuditAlarm 59
NtCommitComplete 148
NtCommitEnlistment 149
NtCommitRegistryTransaction 150
NtCommitTransaction 151
NtCompactKeys 152
NtCompareObjects 153
NtCompareSigningLevels 154
NtCompareTokens 155
NtCompleteConnectPort 156
NtCompressKey 157
NtConnectPort 158
NtContinue 67
NtConvertBetweenAuxiliaryCounterAndPerformanceCounter 159
NtCreateCrossVmEvent 160
NtCreateDebugObject 161
NtCreateDirectoryObject 162
NtCreateDirectoryObjectEx 163
NtCreateEnclave 164
NtCreateEnlistment 165
NtCreateEvent 72
NtCreateEventPair 166
NtCreateFile 85
NtCreateIRTimer 167
NtCreateIoCompletion 168
NtCreateJobObject 169
NtCreateJobSet 170
NtCreateKey 29
NtCreateKeyTransacted 171
NtCreateKeyedEvent 172
NtCreateLowBoxToken 173
NtCreateMailslotFile 174
NtCreateMutant 175
NtCreateNamedPipeFile 176
NtCreatePagingFile 177
NtCreatePartition 178
NtCreatePort 179
NtCreatePrivateNamespace 180
NtCreateProcess 181
NtCreateProcessEx 77
NtCreateProfile 182
NtCreateProfileEx 183
NtCreateRegistryTransaction 184
NtCreateResourceManager 185
NtCreateSection 74
NtCreateSectionEx 186
NtCreateSemaphore 187
NtCreateSymbolicLinkObject 188
NtCreateThread 78
NtCreateThreadEx 189
NtCreateTimer 190
NtCreateTimer2 191
NtCreateToken 192
NtCreateTokenEx 193
NtCreateTransaction 194
NtCreateTransactionManager 195
NtCreateUserProcess 196
NtCreateWaitCompletionPacket 197
NtCreateWaitablePort 198
NtCreateWnfStateName 199
NtCreateWorkerFactory 200
NtDebugActiveProcess 201
NtDebugContinue 202
NtDelayExecution 52
NtDeleteAtom 203
NtDeleteBootEntry 204
NtDeleteDriverEntry 205
NtDeleteFile 206
NtDeleteKey 207
NtDeleteObjectAuditAlarm 208
NtDeletePrivateNamespace 209
NtDeleteValueKey 210
NtDeleteWnfStateData 211
NtDeleteWnfStateName 212
NtDeviceIoControlFile 7
NtDisableLastKnownGood 213
NtDisplayString 214
NtDrawText 215
NtDuplicateObject 60
NtDuplicateToken 66
NtEnableLastKnownGood 216
NtEnumerateBootEntries 217
NtEnumerateDriverEntries 218
NtEnumerateKey 50
NtEnumerateSystemEnvironmentValuesEx 219
NtEnumerateTransactionObject 220
NtEnumerateValueKey 19
NtExtendSection 221
NtFilterBootOption 222
NtFilterToken 223
NtFilterTokenEx 224
NtFindAtom 20
NtFlushBuffersFile 75
NtFlushBuffersFileEx 225
NtFlushInstallUILanguage 226
NtFlushInstructionCache 227
NtFlushKey 228
NtFlushProcessWriteBuffers 229
NtFlushVirtualMemory 230
NtFlushWriteBuffer 231
NtFreeUserPhysicalPages 232
NtFreeVirtualMemory 30
NtFreezeRegistry 233
NtFreezeTransactions 234
NtFsControlFile 57
NtGetCachedSigningLevel 235
NtGetCompleteWnfStateSubscription 236
NtGetContextThread 237
NtGetCurrentProcessorNumber 238
NtGetCurrentProcessorNumberEx 239
NtGetDevicePowerState 240
NtGetMUIRegistryInfo 241
NtGetNextProcess 242
NtGetNextThread 243
NtGetNlsSectionPtr 244
NtGetNotificationResourceManager 245
NtGetWriteWatch 246
NtImpersonateAnonymousToken 247
NtImpersonateClientOfPort 31
NtImpersonateThread 248
NtInitializeEnclave 249
NtInitializeNlsFiles 250
NtInitializeRegistry 251
NtInitiatePowerAction 252
NtIsProcessInJob 79
NtIsSystemResumeAutomatic 253
NtIsUILanguageComitted 254
NtListenPort 255
NtLoadDriver 0
NtLoadEnclaveData 1
NtLoadKey 2
NtLoadKey2 3
NtLoadKey3 208
NtLoadKeyEx 4
NtLockFile 5
NtLockProductActivationKeys 6
NtLockRegistryKey 7
NtLockVirtualMemory 8
NtMakePermanentObject 9
NtMakeTemporaryObject 10
NtManageHotPatch 11
NtManagePartition 12
NtMapCMFModule 13
NtMapUserPhysicalPages 14
NtMapUserPhysicalPagesScatter 3
NtMapViewOfSection 40
NtMapViewOfSectionEx 15
NtModifyBootEntry 16
NtModifyDriverEntry 17
NtNotifyChangeDirectoryFile 18
NtNotifyChangeDirectoryFileEx 19
NtNotifyChangeKey 20
NtNotifyChangeMultipleKeys 21
NtNotifyChangeSession 22
NtOpenDirectoryObject 88
NtOpenEnlistment 23
NtOpenEvent 64
NtOpenEventPair 24
NtOpenFile 51
NtOpenIoCompletion 25
NtOpenJobObject 26
NtOpenKey 18
NtOpenKeyEx 27
NtOpenKeyTransacted 28
NtOpenKeyTransactedEx 29
NtOpenKeyedEvent 30
NtOpenMutant 31
NtOpenObjectAuditAlarm 32
NtOpenPartition 33
NtOpenPrivateNamespace 34
NtOpenProcess 38
NtOpenProcessToken 35
NtOpenProcessTokenEx 48
NtOpenRegistryTransaction 36
NtOpenResourceManager 37
NtOpenSection 55
NtOpenSemaphore 38
NtOpenSession 39
NtOpenSymbolicLinkObject 40
NtOpenThread 41
NtOpenThreadToken 36
NtOpenThreadTokenEx 47
NtOpenTimer 42
NtOpenTransaction 43
NtOpenTransactionManager 44
NtPlugPlayControl 45
NtPowerInformation 95
NtPrePrepareComplete 46
NtPrePrepareEnlistment 47
NtPrepareComplete 48
NtPrepareEnlistment 49
NtPrivilegeCheck 50
NtPrivilegeObjectAuditAlarm 51
NtPrivilegedServiceAuditAlarm 52
NtPropagationComplete 53
NtPropagationFailed 54
NtProtectVirtualMemory 80
NtPulseEvent 55
NtQueryAttributesFile 61
NtQueryAuxiliaryCounterFrequency 56
NtQueryBootEntryOrder 57
NtQueryBootOptions 58
NtQueryDebugFilterState 59
NtQueryDefaultLocale 21
NtQueryDefaultUILanguage 68
NtQueryDirectoryFile 53
NtQueryDirectoryFileEx 60
NtQueryDirectoryObject 61
NtQueryDriverEntryOrder 62
NtQueryEaFile 63
NtQueryEvent 86
NtQueryFullAttributesFile 64
NtQueryInformationAtom 65
NtQueryInformationByName 66
NtQueryInformationEnlistment 67
NtQueryInformationFile 17
NtQueryInformationJobObject 68
NtQueryInformationPort 69
NtQueryInformationProcess 25
NtQueryInformationResourceManager 70
NtQueryInformationThread 37
NtQueryInformationToken 33
NtQueryInformationTransaction 71
NtQueryInformationTransactionManager 72
NtQueryInformationWorkerFactory 73
NtQueryInstallUILanguage 74
NtQueryIntervalProfile 75
NtQueryIoCompletion 76
NtQueryKey 22
NtQueryLicenseValue 77
NtQueryMultipleValueKey 78
NtQueryMutant 79
NtQueryObject 16
NtQueryOpenSubKeys 80
NtQueryOpenSubKeysEx 81
NtQueryPerformanceCounter 49
NtQueryPortInformationProcess 82
NtQueryQuotaInformationFile 83
NtQuerySection 81
NtQuerySecurityAttributesToken 84
NtQuerySecurityObject 85
NtQuerySecurityPolicy 86
NtQuerySemaphore 87
NtQuerySymbolicLinkObject 88
NtQuerySystemEnvironmentValue 89
NtQuerySystemEnvironmentValueEx 90
NtQuerySystemInformation 54
NtQuerySystemInformationEx 91
NtQueryTimer 56
NtQueryTimerResolution 92
NtQueryValueKey 23
NtQueryVirtualMemory 35
NtQueryVolumeInformationFile 73
NtQueryWnfStateData 93
NtQueryWnfStateNameInformation 94
NtQueueApcThread 69
NtQueueApcThreadEx 95
NtRaiseException 96
NtRaiseHardError 97
NtReadFile 6
NtReadFileScatter 46
NtReadOnlyEnlistment 98
NtReadRequestData 84
NtReadVirtualMemory 63
NtRecoverEnlistment 99
NtRecoverResourceManager 100
NtRecoverTransactionManager 101
NtRegisterProtocolAddressInformation 102
NtRegisterThreadTerminatePort 103
NtReleaseKeyedEvent 104
NtReleaseMutant 32
NtReleaseSemaphore 10
NtReleaseWorkerFactoryWorker 105
NtRemoveIoCompletion 9
NtRemoveIoCompletionEx 106
NtRemoveProcessDebug 107
NtRenameKey 108
NtRenameTransactionManager 109
NtReplaceKey 110
NtReplacePartitionUnit 111
NtReplyPort 12
NtReplyWaitReceivePort 11
NtReplyWaitReceivePortEx 43
NtReplyWaitReplyPort 112
NtRequestPort 113
NtRequestWaitReplyPort 34
NtResetEvent 114
NtResetWriteWatch 115
NtRestoreKey 116
NtResumeProcess 117
NtResumeThread 82
NtRevertContainerImpersonation 118
NtRollbackComplete 119
NtRollbackEnlistment 120
NtRollbackRegistryTransaction 121
NtRollbackTransaction 122
NtRollforwardTransactionManager 123
NtSaveKey 124
NtSaveKeyEx 125
NtSaveMergedKeys 126
NtSecureConnectPort 127
NtSerializeBoot 128
NtSetBootEntryOrder 129
NtSetBootOptions 130
NtSetCachedSigningLevel 131
NtSetCachedSigningLevel2 132
NtSetContextThread 133
NtSetDebugFilterState 134
NtSetDefaultHardErrorPort 135
NtSetDefaultLocale 136
NtSetDefaultUILanguage 137
NtSetDriverEntryOrder 138
NtSetEaFile 139
NtSetEvent 14
NtSetEventBoostPriority 45
NtSetHighEventPair 140
NtSetHighWaitLowEventPair 141
NtSetIRTimer 142
NtSetInformationDebugObject 143
NtSetInformationEnlistment 144
NtSetInformationFile 39
NtSetInformationJobObject 145
NtSetInformationKey 146
NtSetInformationObject 92
NtSetInformationProcess 28
NtSetInformationResourceManager 147
NtSetInformationSymbolicLink 148
NtSetInformationThread 13
NtSetInformationToken 149
NtSetInformationTransaction 150
NtSetInformationTransactionManager 151
NtSetInformationVirtualMemory 152
NtSetInformationWorkerFactory 153
NtSetIntervalProfile 154
NtSetIoCompletion 155
NtSetIoCompletionEx 156
NtSetLdtEntries 157
NtSetLowEventPair 158
NtSetLowWaitHighEventPair 159
NtSetQuotaInformationFile 160
NtSetSecurityObject 161
NtSetSystemEnvironmentValue 162
NtSetSystemEnvironmentValueEx 163
NtSetSystemInformation 164
NtSetSystemPowerState 165
NtSetSystemTime 166
NtSetThreadExecutionState 167
NtSetTimer 98
NtSetTimer2 168
NtSetTimerEx 169
NtSetTimerResolution 170
NtSetUuidSeed 171
NtSetValueKey 96
NtSetVolumeInformationFile 172
NtSetWnfProcessNotificationEvent 173
NtShutdownSystem 174
NtShutdownWorkerFactory 175
NtSignalAndWaitForSingleObject 176
NtSinglePhaseReject 177
NtStartProfile 178
NtStopProfile 179
NtSubscribeWnfStateChange 180
NtSuspendProcess 181
NtSuspendThread 182
NtSystemDebugControl 183
NtTerminateEnclave 184
NtTerminateJobObject 185
NtTerminateProcess 44
NtTerminateThread 83
NtTestAlert 186
NtThawRegistry 187
NtThawTransactions 188
NtTraceControl 189
NtTraceEvent 94
NtTranslateFilePath 190
NtUmsThreadYield 191
NtUnloadDriver 192
NtUnloadKey 193
NtUnloadKey2 194
NtUnloadKeyEx 195
NtUnlockFile 196
NtUnlockVirtualMemory 197
NtUnmapViewOfSection 42
NtUnmapViewOfSectionEx 198
NtUnsubscribeWnfStateChange 199
NtUpdateWnfStateData 200
NtVdmControl 201
NtWaitForAlertByThreadId 202
NtWaitForDebugEvent 203
NtWaitForKeyedEvent 204
NtWaitForMultipleObjects 91
NtWaitForMultipleObjects32 26
NtWaitForSingleObject 4
NtWaitForWorkViaWorkerFactory 205
NtWaitHighEventPair 206
NtWaitLowEventPair 207
NtWorkerFactoryWorkerReady 1
NtWriteFile 8
NtWriteFileGather 27
NtWriteRequestData 87
NtWriteVirtualMemory 58
NtYieldExecution 70