NtAcceptConnectPort 2
NtAccessCheck 0
NtAccessCheckAndAuditAlarm 41
NtAccessCheckByType 99
NtAccessCheckByTypeAndAuditAlarm 89
NtAccessCheckByTypeResultList 100
NtAccessCheckByTypeResultListAndAuditAlarm 101
NtAccessCheckByTypeResultListAndAuditAlarmByHandle 102
NtAcquireCrossVmMutant 103
NtAcquireProcessActivityReference 104
NtAddAtom 71
NtAddAtomEx 105
NtAddBootEntry 106
NtAddDriverEntry 107
NtAdjustGroupsToken 108
NtAdjustPrivilegesToken 65
NtAdjustTokenClaimsAndDeviceGroups 109
NtAlertResumeThread 110
NtAlertThread 111
NtAlertThreadByThreadId 112
NtAllocateLocallyUniqueId 113
NtAllocateReserveObject 114
NtAllocateUserPhysicalPages 115
NtAllocateUserPhysicalPagesEx 116
NtAllocateUuids 117
NtAllocateVirtualMemory 24
NtAllocateVirtualMemoryEx 118
NtAlpcAcceptConnectPort 119
NtAlpcCancelMessage 120
NtAlpcConnectPort 121
NtAlpcConnectPortEx 122
NtAlpcCreatePort 123
NtAlpcCreatePortSection 124
NtAlpcCreateResourceReserve 125
NtAlpcCreateSectionView 126
NtAlpcCreateSecurityContext 127
NtAlpcDeletePortSection 128
NtAlpcDeleteResourceReserve 129
NtAlpcDeleteSectionView 130
NtAlpcDeleteSecurityContext 131
NtAlpcDisconnectPort 132
NtAlpcImpersonateClientContainerOfPort 133
NtAlpcImpersonateClientOfPort 134
NtAlpcOpenSenderProcess 135
NtAlpcOpenSenderThread 136
NtAlpcQueryInformation 137
NtAlpcQueryInformationMessage 138
NtAlpcRevokeSecurityContext 139
NtAlpcSendWaitReceivePort 140
NtAlpcSetInformation 141
NtApphelpCacheControl 76
NtAreMappedFilesTheSame 142
NtAssignProcessToJobObject 143
NtAssociateWaitCompletionPacket 144
NtCallEnclave 145
NtCallbackReturn 5
NtCancelIoFile 93
NtCancelIoFileEx 146
NtCancelSynchronousIoFile 147
NtCancelTimer 97
NtCancelTimer2 148
NtCancelWaitCompletionPacket 149
NtClearEvent 62
NtClose 15
NtCloseObjectAuditAlarm 59
NtCommitComplete 150
NtCommitEnlistment 151
NtCommitRegistryTransaction 152
NtCommitTransaction 153
NtCompactKeys 154
NtCompareObjects 155
NtCompareSigningLevels 156
NtCompareTokens 157
NtCompleteConnectPort 158
NtCompressKey 159
NtConnectPort 160
NtContinue 67
NtContinueEx 161
NtConvertBetweenAuxiliaryCounterAndPerformanceCounter 162
NtCreateCrossVmEvent 163
NtCreateCrossVmMutant 164
NtCreateDebugObject 165
NtCreateDirectoryObject 166
NtCreateDirectoryObjectEx 167
NtCreateEnclave 168
NtCreateEnlistment 169
NtCreateEvent 72
NtCreateEventPair 170
NtCreateFile 85
NtCreateIRTimer 171
NtCreateIoCompletion 172
NtCreateJobObject 173
NtCreateJobSet 174
NtCreateKey 29
NtCreateKeyTransacted 175
NtCreateKeyedEvent 176
NtCreateLowBoxToken 177
NtCreateMailslotFile 178
NtCreateMutant 179
NtCreateNamedPipeFile 180
NtCreatePagingFile 181
NtCreatePartition 182
NtCreatePort 183
NtCreatePrivateNamespace 184
NtCreateProcess 185
NtCreateProcessEx 77
NtCreateProfile 186
NtCreateProfileEx 187
NtCreateRegistryTransaction 188
NtCreateResourceManager 189
NtCreateSection 74
NtCreateSectionEx 190
NtCreateSemaphore 191
NtCreateSymbolicLinkObject 192
NtCreateThread 78
NtCreateThreadEx 193
NtCreateTimer 194
NtCreateTimer2 195
NtCreateToken 196
NtCreateTokenEx 197
NtCreateTransaction 198
NtCreateTransactionManager 199
NtCreateUserProcess 200
NtCreateWaitCompletionPacket 201
NtCreateWaitablePort 202
NtCreateWnfStateName 203
NtCreateWorkerFactory 204
NtDebugActiveProcess 205
NtDebugContinue 206
NtDelayExecution 52
NtDeleteAtom 207
NtDeleteBootEntry 208
NtDeleteDriverEntry 209
NtDeleteFile 210
NtDeleteKey 211
NtDeleteObjectAuditAlarm 212
NtDeletePrivateNamespace 213
NtDeleteValueKey 214
NtDeleteWnfStateData 215
NtDeleteWnfStateName 216
NtDeviceIoControlFile 7
NtDirectGraphicsCall 217
NtDisableLastKnownGood 218
NtDisplayString 219
NtDrawText 220
NtDuplicateObject 60
NtDuplicateToken 66
NtEnableLastKnownGood 221
NtEnumerateBootEntries 222
NtEnumerateDriverEntries 223
NtEnumerateKey 50
NtEnumerateSystemEnvironmentValuesEx 224
NtEnumerateTransactionObject 225
NtEnumerateValueKey 19
NtExtendSection 226
NtFilterBootOption 227
NtFilterToken 228
NtFilterTokenEx 229
NtFindAtom 20
NtFlushBuffersFile 75
NtFlushBuffersFileEx 230
NtFlushInstallUILanguage 231
NtFlushInstructionCache 232
NtFlushKey 233
NtFlushProcessWriteBuffers 234
NtFlushVirtualMemory 235
NtFlushWriteBuffer 236
NtFreeUserPhysicalPages 237
NtFreeVirtualMemory 30
NtFreezeRegistry 238
NtFreezeTransactions 239
NtFsControlFile 57
NtGetCachedSigningLevel 240
NtGetCompleteWnfStateSubscription 241
NtGetContextThread 242
NtGetCurrentProcessorNumber 243
NtGetCurrentProcessorNumberEx 244
NtGetDevicePowerState 245
NtGetMUIRegistryInfo 246
NtGetNextProcess 247
NtGetNextThread 248
NtGetNlsSectionPtr 249
NtGetNotificationResourceManager 250
NtGetWriteWatch 251
NtImpersonateAnonymousToken 252
NtImpersonateClientOfPort 31
NtImpersonateThread 253
NtInitializeEnclave 254
NtInitializeNlsFiles 255
NtInitializeRegistry 0
NtInitiatePowerAction 1
NtIsProcessInJob 79
NtIsSystemResumeAutomatic 2
NtIsUILanguageComitted 3
NtListenPort 4
NtLoadDriver 5
NtLoadEnclaveData 6
NtLoadKey 7
NtLoadKey2 8
NtLoadKey3 214
NtLoadKeyEx 9
NtLockFile 10
NtLockProductActivationKeys 11
NtLockRegistryKey 12
NtLockVirtualMemory 13
NtMakePermanentObject 14
NtMakeTemporaryObject 15
NtManageHotPatch 16
NtManagePartition 17
NtMapCMFModule 18
NtMapUserPhysicalPages 19
NtMapUserPhysicalPagesScatter 3
NtMapViewOfSection 40
NtMapViewOfSectionEx 20
NtModifyBootEntry 21
NtModifyDriverEntry 22
NtNotifyChangeDirectoryFile 23
NtNotifyChangeDirectoryFileEx 24
NtNotifyChangeKey 25
NtNotifyChangeMultipleKeys 26
NtNotifyChangeSession 27
NtOpenDirectoryObject 88
NtOpenEnlistment 28
NtOpenEvent 64
NtOpenEventPair 29
NtOpenFile 51
NtOpenIoCompletion 30
NtOpenJobObject 31
NtOpenKey 18
NtOpenKeyEx 32
NtOpenKeyTransacted 33
NtOpenKeyTransactedEx 34
NtOpenKeyedEvent 35
NtOpenMutant 36
NtOpenObjectAuditAlarm 37
NtOpenPartition 38
NtOpenPrivateNamespace 39
NtOpenProcess 38
NtOpenProcessToken 40
NtOpenProcessTokenEx 48
NtOpenRegistryTransaction 41
NtOpenResourceManager 42
NtOpenSection 55
NtOpenSemaphore 43
NtOpenSession 44
NtOpenSymbolicLinkObject 45
NtOpenThread 46
NtOpenThreadToken 36
NtOpenThreadTokenEx 47
NtOpenTimer 47
NtOpenTransaction 48
NtOpenTransactionManager 49
NtPlugPlayControl 50
NtPowerInformation 95
NtPrePrepareComplete 51
NtPrePrepareEnlistment 52
NtPrepareComplete 53
NtPrepareEnlistment 54
NtPrivilegeCheck 55
NtPrivilegeObjectAuditAlarm 56
NtPrivilegedServiceAuditAlarm 57
NtPropagationComplete 58
NtPropagationFailed 59
NtProtectVirtualMemory 80
NtPssCaptureVaSpaceBulk 60
NtPulseEvent 61
NtQueryAttributesFile 61
NtQueryAuxiliaryCounterFrequency 62
NtQueryBootEntryOrder 63
NtQueryBootOptions 64
NtQueryDebugFilterState 65
NtQueryDefaultLocale 21
NtQueryDefaultUILanguage 68
NtQueryDirectoryFile 53
NtQueryDirectoryFileEx 66
NtQueryDirectoryObject 67
NtQueryDriverEntryOrder 68
NtQueryEaFile 69
NtQueryEvent 86
NtQueryFullAttributesFile 70
NtQueryInformationAtom 71
NtQueryInformationByName 72
NtQueryInformationEnlistment 73
NtQueryInformationFile 17
NtQueryInformationJobObject 74
NtQueryInformationPort 75
NtQueryInformationProcess 25
NtQueryInformationResourceManager 76
NtQueryInformationThread 37
NtQueryInformationToken 33
NtQueryInformationTransaction 77
NtQueryInformationTransactionManager 78
NtQueryInformationWorkerFactory 79
NtQueryInstallUILanguage 80
NtQueryIntervalProfile 81
NtQueryIoCompletion 82
NtQueryKey 22
NtQueryLicenseValue 83
NtQueryMultipleValueKey 84
NtQueryMutant 85
NtQueryObject 16
NtQueryOpenSubKeys 86
NtQueryOpenSubKeysEx 87
NtQueryPerformanceCounter 49
NtQueryPortInformationProcess 88
NtQueryQuotaInformationFile 89
NtQuerySection 81
NtQuerySecurityAttributesToken 90
NtQuerySecurityObject 91
NtQuerySecurityPolicy 92
NtQuerySemaphore 93
NtQuerySymbolicLinkObject 94
NtQuerySystemEnvironmentValue 95
NtQuerySystemEnvironmentValueEx 96
NtQuerySystemInformation 54
NtQuerySystemInformationEx 97
NtQueryTimer 56
NtQueryTimerResolution 98
NtQueryValueKey 23
NtQueryVirtualMemory 35
NtQueryVolumeInformationFile 73
NtQueryWnfStateData 99
NtQueryWnfStateNameInformation 100
NtQueueApcThread 69
NtQueueApcThreadEx 101
NtRaiseException 102
NtRaiseHardError 103
NtReadFile 6
NtReadFileScatter 46
NtReadOnlyEnlistment 104
NtReadRequestData 84
NtReadVirtualMemory 63
NtRecoverEnlistment 105
NtRecoverResourceManager 106
NtRecoverTransactionManager 107
NtRegisterProtocolAddressInformation 108
NtRegisterThreadTerminatePort 109
NtReleaseKeyedEvent 110
NtReleaseMutant 32
NtReleaseSemaphore 10
NtReleaseWorkerFactoryWorker 111
NtRemoveIoCompletion 9
NtRemoveIoCompletionEx 112
NtRemoveProcessDebug 113
NtRenameKey 114
NtRenameTransactionManager 115
NtReplaceKey 116
NtReplacePartitionUnit 117
NtReplyPort 12
NtReplyWaitReceivePort 11
NtReplyWaitReceivePortEx 43
NtReplyWaitReplyPort 118
NtRequestPort 119
NtRequestWaitReplyPort 34
NtResetEvent 120
NtResetWriteWatch 121
NtRestoreKey 122
NtResumeProcess 123
NtResumeThread 82
NtRevertContainerImpersonation 124
NtRollbackComplete 125
NtRollbackEnlistment 126
NtRollbackRegistryTransaction 127
NtRollbackTransaction 128
NtRollforwardTransactionManager 129
NtSaveKey 130
NtSaveKeyEx 131
NtSaveMergedKeys 132
NtSecureConnectPort 133
NtSerializeBoot 134
NtSetBootEntryOrder 135
NtSetBootOptions 136
NtSetCachedSigningLevel 137
NtSetCachedSigningLevel2 138
NtSetContextThread 139
NtSetDebugFilterState 140
NtSetDefaultHardErrorPort 141
NtSetDefaultLocale 142
NtSetDefaultUILanguage 143
NtSetDriverEntryOrder 144
NtSetEaFile 145
NtSetEvent 14
NtSetEventBoostPriority 45
NtSetHighEventPair 146
NtSetHighWaitLowEventPair 147
NtSetIRTimer 148
NtSetInformationDebugObject 149
NtSetInformationEnlistment 150
NtSetInformationFile 39
NtSetInformationJobObject 151
NtSetInformationKey 152
NtSetInformationObject 92
NtSetInformationProcess 28
NtSetInformationResourceManager 153
NtSetInformationSymbolicLink 154
NtSetInformationThread 13
NtSetInformationToken 155
NtSetInformationTransaction 156
NtSetInformationTransactionManager 157
NtSetInformationVirtualMemory 158
NtSetInformationWorkerFactory 159
NtSetIntervalProfile 160
NtSetIoCompletion 161
NtSetIoCompletionEx 162
NtSetLdtEntries 163
NtSetLowEventPair 164
NtSetLowWaitHighEventPair 165
NtSetQuotaInformationFile 166
NtSetSecurityObject 167
NtSetSystemEnvironmentValue 168
NtSetSystemEnvironmentValueEx 169
NtSetSystemInformation 170
NtSetSystemPowerState 171
NtSetSystemTime 172
NtSetThreadExecutionState 173
NtSetTimer 98
NtSetTimer2 174
NtSetTimerEx 175
NtSetTimerResolution 176
NtSetUuidSeed 177
NtSetValueKey 96
NtSetVolumeInformationFile 178
NtSetWnfProcessNotificationEvent 179
NtShutdownSystem 180
NtShutdownWorkerFactory 181
NtSignalAndWaitForSingleObject 182
NtSinglePhaseReject 183
NtStartProfile 184
NtStopProfile 185
NtSubscribeWnfStateChange 186
NtSuspendProcess 187
NtSuspendThread 188
NtSystemDebugControl 189
NtTerminateEnclave 190
NtTerminateJobObject 191
NtTerminateProcess 44
NtTerminateThread 83
NtTestAlert 192
NtThawRegistry 193
NtThawTransactions 194
NtTraceControl 195
NtTraceEvent 94
NtTranslateFilePath 196
NtUmsThreadYield 197
NtUnloadDriver 198
NtUnloadKey 199
NtUnloadKey2 200
NtUnloadKeyEx 201
NtUnlockFile 202
NtUnlockVirtualMemory 203
NtUnmapViewOfSection 42
NtUnmapViewOfSectionEx 204
NtUnsubscribeWnfStateChange 205
NtUpdateWnfStateData 206
NtVdmControl 207
NtWaitForAlertByThreadId 208
NtWaitForDebugEvent 209
NtWaitForKeyedEvent 210
NtWaitForMultipleObjects 91
NtWaitForMultipleObjects32 26
NtWaitForSingleObject 4
NtWaitForWorkViaWorkerFactory 211
NtWaitHighEventPair 212
NtWaitLowEventPair 213
NtWorkerFactoryWorkerReady 1
NtWriteFile 8
NtWriteFileGather 27
NtWriteRequestData 87
NtWriteVirtualMemory 58
NtYieldExecution 70